2026-10-10T18:59:10.0312761Z Current runner version: '2.337.0'
2026-10-10T18:59:10.0328368Z ##[group]Runner Image Provisioner
2026-10-10T18:59:10.0328846Z Hosted Compute Agent
2026-10-10T18:59:10.0329158Z Version: 20261002.596
2026-10-10T18:59:10.0329518Z Commit: c3d12f3313a95f25162a1503be624f3b0617f8c0
2026-10-10T18:59:10.0329918Z Build Date: 2026-10-02T22:28:27Z
2026-10-10T18:59:10.0330299Z Worker ID: {d553d133-fe12-4210-aae5-f29318276cb0}
2026-10-10T18:59:10.0330703Z Region: southcentralus
2026-10-10T18:59:10.0331038Z Cloud: Azure
2026-10-10T18:59:10.0331347Z ##[endgroup]
2026-10-10T18:59:10.0332072Z ##[group]Operating System
2026-10-10T18:59:10.0332415Z Microsoft Windows Server 2022
2026-10-10T18:59:10.0332755Z 10.0.20348
2026-10-10T18:59:10.0333043Z Datacenter
2026-10-10T18:59:10.0333332Z ##[endgroup]
2026-10-10T18:59:10.0333627Z ##[group]Runner Image
2026-10-10T18:59:10.0333936Z Image: windows-2022
2026-10-10T18:59:10.0334253Z Version: 20261004.326.1
2026-10-10T18:59:10.0335314Z Included Software: https://github.com/actions/runner-images/blob/win22/20261004.326/images/windows/Windows2022-Readme.md
2026-10-10T18:59:10.0336150Z Image Release: https://github.com/actions/runner-images/releases/tag/win22%2F20261004.326
2026-10-10T18:59:10.0336649Z ##[endgroup]
2026-10-10T18:59:10.0337321Z ##[group]GITHUB_TOKEN Permissions
2026-10-10T18:59:10.0338430Z Actions: read
2026-10-10T18:59:10.0338737Z Contents: write
2026-10-10T18:59:10.0339042Z Metadata: read
2026-10-10T18:59:10.0339370Z ##[endgroup]
2026-10-10T18:59:10.0340559Z Secret source: Actions
2026-10-10T18:59:10.0341060Z Cache mode: write
2026-10-10T18:59:10.0341452Z Prepare workflow directory
2026-10-10T18:59:10.0581520Z Prepare all required actions
2026-10-10T18:59:10.0613903Z Getting action download info
2026-10-10T18:59:10.3378808Z Download action repository 'actions/download-artifact@v5' (SHA:634f93cb2916e3fdff6788551b99b062d0335ce0)
2026-10-10T18:59:10.8152897Z Download action repository 'actions/upload-artifact@v4' (SHA:ea165f8d65b6e75b540449e92b4886f43607fa02)
2026-10-10T18:59:11.1133382Z Complete job name: smoke
2026-10-10T18:59:11.2650922Z ##[group]Run actions/download-artifact@v5
2026-10-10T18:59:11.2651633Z with:
2026-10-10T18:59:11.2651868Z   name: yiwei-ime-installer
2026-10-10T18:59:11.2652133Z   path: dist
2026-10-10T18:59:11.2652360Z   merge-multiple: false
2026-10-10T18:59:11.2652626Z   repository: yiweishurufa/yiwei-ime
2026-10-10T18:59:11.2652910Z   run-id: 38077685704
2026-10-10T18:59:11.2653219Z env:
2026-10-10T18:59:11.2653479Z   WEASEL_REPO: https://github.com/rime/weasel.git
2026-10-10T18:59:11.2653859Z   WEASEL_SHA: d73f6295e8252ed2f7b9c12bae32e9001b1afdaa
2026-10-10T18:59:11.2654186Z   VERSION_MAJOR: 0
2026-10-10T18:59:11.2654416Z   VERSION_MINOR: 1
2026-10-10T18:59:11.2654655Z   VERSION_PATCH: 0
2026-10-10T18:59:11.2654885Z ##[endgroup]
2026-10-10T18:59:11.4039103Z Downloading single artifact
2026-10-10T18:59:11.4134865Z (node:2856) [DEP0040] DeprecationWarning: The `punycode` module is deprecated. Please use a userland alternative instead.
2026-10-10T18:59:11.4135934Z (Use `node --trace-deprecation ...` to show where the warning was created)
2026-10-10T18:59:11.5795547Z Preparing to download the following artifacts:
2026-10-10T18:59:11.5796537Z - yiwei-ime-installer (ID: 11678847564, Size: 26423647, Expected Digest: sha256:0da937dcabb35915b2f2f9ac850a817db284916948abd75151633b1ab335cdaf)
2026-10-10T18:59:11.7694476Z Redirecting to blob download url: https://productionresultssa3.blob.core.windows.net/actions-results/0327dba8-6604-87cf-848e-12a885481db1/workflow-job-run-a185b792-6a38-5bf7-a77e-55b17bb2db35/artifacts/b116b6abe3eddcb6c62806ac607ffa99ff3177354832fa9c610c2d3fecd84a90.zip
2026-10-10T18:59:11.7695798Z Starting download of artifact to: D:\a\yiwei-ime\yiwei-ime\dist
2026-10-10T18:59:11.9646869Z (node:2856) [DEP0005] DeprecationWarning: Buffer() is deprecated due to security and usability issues. Please use the Buffer.alloc(), Buffer.allocUnsafe(), or Buffer.from() methods instead.
2026-10-10T18:59:12.6878959Z SHA256 digest of downloaded artifact is 0da937dcabb35915b2f2f9ac850a817db284916948abd75151633b1ab335cdaf
2026-10-10T18:59:12.6880178Z Artifact download completed successfully.
2026-10-10T18:59:12.6880611Z Total of 1 artifact(s) downloaded
2026-10-10T18:59:12.6884231Z Download artifact has finished successfully
2026-10-10T18:59:12.7137723Z ##[group]Run $ErrorActionPreference = 'Stop'
2026-10-10T18:59:12.7138196Z [36;1m$ErrorActionPreference = 'Stop'[0m
2026-10-10T18:59:12.7138622Z [36;1m$exe = Get-ChildItem dist -Filter 'yiwei-ime*.exe' | Select-Object -First 1[0m
2026-10-10T18:59:12.7139030Z [36;1mWrite-Host "installer: $($exe.Name)"[0m
2026-10-10T18:59:12.7139328Z [36;1m# 安装界面截图：交互模式打开欢迎页，截屏后关掉，再静默安装[0m
2026-10-10T18:59:12.7139598Z [36;1mtry {[0m
2026-10-10T18:59:12.7139917Z [36;1m  Add-Type -AssemblyName System.Windows.Forms, System.Drawing[0m
2026-10-10T18:59:12.7140315Z [36;1m  New-Item -ItemType Directory -Force screens | Out-Null[0m
2026-10-10T18:59:12.7140698Z [36;1m  $ui = Start-Process $exe.FullName -PassThru; Start-Sleep 10[0m
2026-10-10T18:59:12.7141116Z [36;1m  $b = [System.Windows.Forms.Screen]::PrimaryScreen.Bounds[0m
2026-10-10T18:59:12.7141494Z [36;1m  $bmp = New-Object System.Drawing.Bitmap $b.Width, $b.Height[0m
2026-10-10T18:59:12.7142040Z [36;1m  $g = [System.Drawing.Graphics]::FromImage($bmp); $g.CopyFromScreen($b.Location, [System.Drawing.Point]::Empty, $b.Size)[0m
2026-10-10T18:59:12.7142669Z [36;1m  $bmp.Save("screens\installer-welcome.png", [System.Drawing.Imaging.ImageFormat]::Png); $g.Dispose(); $bmp.Dispose()[0m
2026-10-10T18:59:12.7143214Z [36;1m  Stop-Process -Id $ui.Id -Force -ErrorAction SilentlyContinue; Start-Sleep 2[0m
2026-10-10T18:59:12.7143601Z [36;1m} catch { Write-Host "安装界面截图失败：$_" }[0m
2026-10-10T18:59:12.7143946Z [36;1m$p = Start-Process $exe.FullName -ArgumentList '/S' -PassThru[0m
2026-10-10T18:59:12.7144345Z [36;1mif (-not $p.WaitForExit(600000)) { $p.Kill(); throw "安装超时（可能弹出了对话框）" }[0m
2026-10-10T18:59:12.7144749Z [36;1mWrite-Host "installer exit code $($p.ExitCode)"[0m
2026-10-10T18:59:12.7145067Z [36;1m$root = $null[0m
2026-10-10T18:59:12.7145436Z [36;1mforeach ($k in 'HKLM:\SOFTWARE\Yiwei\YiweiIME','HKLM:\SOFTWARE\WOW6432Node\Yiwei\YiweiIME') {[0m
2026-10-10T18:59:12.7145933Z [36;1m  if (Test-Path $k) { $v = (Get-ItemProperty $k).YiweiRoot; if ($v) { $root = $v } }[0m
2026-10-10T18:59:12.7146299Z [36;1m}[0m
2026-10-10T18:59:12.7146551Z [36;1mif (-not $root) { throw "注册表里没有 YiweiRoot" }[0m
2026-10-10T18:59:12.7146851Z [36;1mWrite-Host "YiweiRoot = $root"[0m
2026-10-10T18:59:12.7147373Z [36;1mforeach ($f in 'YiweiServer.exe','YiweiDeployer.exe','YiweiSetup.exe','YiweiHelper.exe','rime.dll','data\rime_ice.schema.yaml','data\lua\yiwei_stats.lua') {[0m
2026-10-10T18:59:12.7147943Z [36;1m  if (-not (Test-Path (Join-Path $root $f))) { throw "缺少文件 $f" }[0m
2026-10-10T18:59:12.7148260Z [36;1m}[0m
2026-10-10T18:59:12.7148614Z [36;1m# 语法模型依赖 librime-octagram（librime 官方发行包静态链接了 lua / octagram / predict）[0m
2026-10-10T18:59:12.7149177Z [36;1m$rimeText = [Text.Encoding]::ASCII.GetString([IO.File]::ReadAllBytes((Join-Path $root 'rime.dll')))[0m
2026-10-10T18:59:12.7149744Z [36;1mif (-not $rimeText.Contains('octagram')) { throw "rime.dll 不含 librime-octagram 插件，语法模型将不可用" }[0m
2026-10-10T18:59:12.7150273Z [36;1mif (-not $rimeText.Contains('lua_processor')) { Write-Host "警告：rime.dll 里没找到 librime-lua" }[0m
2026-10-10T18:59:12.7150682Z [36;1m$sys = "$env:WINDIR\System32"[0m
2026-10-10T18:59:12.7151174Z [36;1mif (-not ((Test-Path "$sys\yiwei.dll") -or (Test-Path "$sys\yiweix64.dll"))) { Get-ChildItem $sys -Filter 'yiwei*' ; throw "系统目录里没有 yiwei 输入法模块" }[0m
2026-10-10T18:59:12.7151734Z [36;1m$tip = 'HKLM:\SOFTWARE\Microsoft\CTF\TIP\{54C92C2A-5FE9-43A0-A9EC-D05B42C996D4}'[0m
2026-10-10T18:59:12.7152119Z [36;1mif (-not (Test-Path $tip)) { throw "TSF 输入法没有注册：$tip" }[0m
2026-10-10T18:59:12.7152582Z [36;1mif (Test-Path 'HKLM:\SOFTWARE\Microsoft\CTF\TIP\{A3F4CDED-B1E9-41EE-9CA6-7B4D0DE6CB0A}') { throw "注册了小狼毫的 CLSID，改名不彻底" }[0m
2026-10-10T18:59:12.7153571Z [36;1m# 部署词库[0m
2026-10-10T18:59:12.7153908Z [36;1m$d = Start-Process (Join-Path $root 'YiweiDeployer.exe') -ArgumentList '/deploy' -PassThru[0m
2026-10-10T18:59:12.7155173Z [36;1mif (-not $d.WaitForExit(600000)) { $d.Kill(); throw "部署超时" }[0m
2026-10-10T18:59:12.7155502Z [36;1m$user = Join-Path $env:APPDATA 'YiweiIME'[0m
2026-10-10T18:59:12.7155776Z [36;1mWrite-Host "user dir: $user"[0m
2026-10-10T18:59:12.7156250Z [36;1mGet-ChildItem (Join-Path $user 'build') -ErrorAction SilentlyContinue | Select-Object Name, Length | Format-Table | Out-String | Write-Host[0m
2026-10-10T18:59:12.7156821Z [36;1mif (-not (Test-Path (Join-Path $user 'build\rime_ice.prism.bin'))) { throw "雾凇拼音没有部署成功" }[0m
2026-10-10T18:59:12.7157165Z [36;1m# 输入法服务与助手能否启动[0m
2026-10-10T18:59:12.7157424Z [36;1mStart-Process (Join-Path $root 'YiweiServer.exe')[0m
2026-10-10T18:59:12.7157809Z [36;1mStart-Process (Join-Path $root 'YiweiHelper.exe') -ArgumentList '/background'[0m
2026-10-10T18:59:12.7158170Z [36;1mStart-Sleep 8[0m
2026-10-10T18:59:12.7158517Z [36;1mif (-not (Get-Process YiweiServer -ErrorAction SilentlyContinue)) { throw "YiweiServer 没有启动" }[0m
2026-10-10T18:59:12.7159035Z [36;1mif (-not (Get-Process YiweiHelper -ErrorAction SilentlyContinue)) { throw "YiweiHelper 启动后退出了" }[0m
2026-10-10T18:59:12.7159400Z [36;1mWrite-Host "自检通过"[0m
2026-10-10T18:59:12.7232564Z shell: C:\Program Files\PowerShell\7\pwsh.EXE -command ". '{0}'"
2026-10-10T18:59:12.7232872Z env:
2026-10-10T18:59:12.7233236Z   WEASEL_REPO: https://github.com/rime/weasel.git
2026-10-10T18:59:12.7233558Z   WEASEL_SHA: d73f6295e8252ed2f7b9c12bae32e9001b1afdaa
2026-10-10T18:59:12.7233817Z   VERSION_MAJOR: 0
2026-10-10T18:59:12.7234017Z   VERSION_MINOR: 1
2026-10-10T18:59:12.7234216Z   VERSION_PATCH: 0
2026-10-10T18:59:12.7234423Z ##[endgroup]
2026-10-10T18:59:13.2268678Z installer: yiwei-ime-0.1.0.36-installer.exe
2026-10-10T18:59:52.4368085Z installer exit code 0
2026-10-10T18:59:52.4465028Z YiweiRoot = C:\Program Files\Yiwei\yiwei-0.1.0
2026-10-10T18:59:54.8163862Z user dir: C:\Users\runneradmin\AppData\Roaming\YiweiIME
2026-10-10T18:59:54.8385705Z 
2026-10-10T18:59:54.8386021Z Name                                Length
2026-10-10T18:59:54.8386414Z ----                                ------
2026-10-10T18:59:54.8386730Z default.yaml                          4386
2026-10-10T18:59:54.8386979Z double_pinyin_abc.prism.bin          14968
2026-10-10T18:59:54.8387234Z double_pinyin_abc.schema.yaml        51045
2026-10-10T18:59:54.8387487Z double_pinyin_flypy.prism.bin        15208
2026-10-10T18:59:54.8387799Z double_pinyin_flypy.schema.yaml      51238
2026-10-10T18:59:54.8388104Z double_pinyin_jiajia.prism.bin       15352
2026-10-10T18:59:54.8388341Z double_pinyin_jiajia.schema.yaml     51614
2026-10-10T18:59:54.8388620Z double_pinyin_mspy.prism.bin         15496
2026-10-10T18:59:54.8388909Z double_pinyin_mspy.schema.yaml       51285
2026-10-10T18:59:54.8389183Z double_pinyin_sogou.prism.bin        15352
2026-10-10T18:59:54.8389442Z double_pinyin_sogou.schema.yaml      51264
2026-10-10T18:59:54.8389650Z double_pinyin_ziguang.prism.bin      15064
2026-10-10T18:59:54.8389818Z double_pinyin_ziguang.schema.yaml    51097
2026-10-10T18:59:54.8389990Z double_pinyin.prism.bin              15208
2026-10-10T18:59:54.8390160Z double_pinyin.schema.yaml            51232
2026-10-10T18:59:54.8390340Z melt_eng.prism.bin                 8418208
2026-10-10T18:59:54.8390503Z melt_eng.reverse.bin                245124
2026-10-10T18:59:54.8390677Z melt_eng.schema.yaml                 24859
2026-10-10T18:59:54.8390857Z melt_eng.table.bin                  640564
2026-10-10T18:59:54.8391030Z radical_pinyin.prism.bin           2488672
2026-10-10T18:59:54.8391200Z radical_pinyin.reverse.bin          963180
2026-10-10T18:59:54.8391370Z radical_pinyin.schema.yaml           11441
2026-10-10T18:59:54.8391575Z radical_pinyin.table.bin           2319996
2026-10-10T18:59:54.8391997Z rime_ice.prism.bin                   40032
2026-10-10T18:59:54.8392221Z rime_ice.reverse.bin                 57524
2026-10-10T18:59:54.8392389Z rime_ice.schema.yaml                 52835
2026-10-10T18:59:54.8392554Z rime_ice.table.bin                60656260
2026-10-10T18:59:54.8393628Z t9.prism.bin                        206232
2026-10-10T18:59:54.8393922Z t9.schema.yaml                       51247
2026-10-10T18:59:54.8394168Z weasel.yaml                          29626
2026-10-10T18:59:54.8394342Z 
2026-10-10T18:59:54.8394350Z 
2026-10-10T19:00:03.2050016Z [31;1mException: [0mD:\a\_temp\218b4c67-33f7-4785-8753-c7c0c344572a.ps1:48[0m
2026-10-10T19:00:03.2050431Z [31;1m[0m[36;1mLine |[0m
2026-10-10T19:00:03.2050971Z [31;1m[0m[36;1m[36;1m  48 | [0m … eiServer -ErrorAction SilentlyContinue)) { [36;1mthrow "YiweiServer 没有启动"[0m }[0m
2026-10-10T19:00:03.2051595Z [31;1m[0m[36;1m[36;1m[0m[36;1m[0m[36;1m     | [31;1m                                              ~~~~~~~~~~~~~~~~~~~~~~~~[0m
2026-10-10T19:00:03.2052079Z [31;1m[0m[36;1m[36;1m[0m[36;1m[0m[36;1m[31;1m[31;1m[36;1m     | [31;1mYiweiServer 没有启动[0m
2026-10-10T19:00:03.2265434Z ##[error]Process completed with exit code 1.
2026-10-10T19:00:03.2608102Z ##[group]Run Add-Type -AssemblyName System.Windows.Forms, System.Drawing
2026-10-10T19:00:03.2608545Z [36;1mAdd-Type -AssemblyName System.Windows.Forms, System.Drawing[0m
2026-10-10T19:00:03.2608825Z [36;1mNew-Item -ItemType Directory -Force screens | Out-Null[0m
2026-10-10T19:00:03.2609029Z [36;1mfunction Shot($name) {[0m
2026-10-10T19:00:03.2609224Z [36;1m  $b = [System.Windows.Forms.Screen]::PrimaryScreen.Bounds[0m
2026-10-10T19:00:03.2609475Z [36;1m  $bmp = New-Object System.Drawing.Bitmap $b.Width, $b.Height[0m
2026-10-10T19:00:03.2609843Z [36;1m  $g = [System.Drawing.Graphics]::FromImage($bmp); $g.CopyFromScreen($b.Location, [System.Drawing.Point]::Empty, $b.Size)[0m
2026-10-10T19:00:03.2610304Z [36;1m  $bmp.Save("screens\$name.png", [System.Drawing.Imaging.ImageFormat]::Png); $g.Dispose(); $bmp.Dispose()[0m
2026-10-10T19:00:03.2610600Z [36;1m}[0m
2026-10-10T19:00:03.2610901Z [36;1m$root = (Get-ItemProperty 'HKLM:\SOFTWARE\WOW6432Node\Yiwei\YiweiIME' -ErrorAction SilentlyContinue).YiweiRoot[0m
2026-10-10T19:00:03.2611300Z [36;1mif (-not $root) { $root = (Get-ItemProperty 'HKLM:\SOFTWARE\Yiwei\YiweiIME').YiweiRoot }[0m
2026-10-10T19:00:03.2611570Z [36;1m$h = Join-Path $root 'YiweiHelper.exe'[0m
2026-10-10T19:00:03.2611809Z [36;1mforeach ($pg in '常规','外观','快捷键','常用语','AI','统计','关于') {[0m
2026-10-10T19:00:03.2612104Z [36;1m  Start-Process $h -ArgumentList '/settings', $pg; Start-Sleep 5; Shot "settings-$pg"[0m
2026-10-10T19:00:03.2612353Z [36;1m}[0m
2026-10-10T19:00:03.2612565Z [36;1mGet-Process YiweiHelper -ErrorAction SilentlyContinue | Stop-Process -Force[0m
2026-10-10T19:00:03.2612885Z [36;1mStart-Process $h -ArgumentList '/wizard'; Start-Sleep 6; Shot 'wizard-1'[0m
2026-10-10T19:00:03.2613149Z [36;1mAdd-Type -AssemblyName Microsoft.VisualBasic[0m
2026-10-10T19:00:03.2613487Z [36;1mfor ($i = 2; $i -le 7; $i++) { [System.Windows.Forms.SendKeys]::SendWait('{ENTER}'); Start-Sleep 2; Shot "wizard-$i" }[0m
2026-10-10T19:00:03.2613965Z [36;1mGet-ChildItem "$env:APPDATA\YiweiIME" -Filter '*.log' -Recurse -ErrorAction SilentlyContinue | Copy-Item -Destination screens[0m
2026-10-10T19:00:03.2614845Z [36;1mGet-ChildItem "$env:LOCALAPPDATA" -Filter 'Yiwei*' -Directory -ErrorAction SilentlyContinue | ForEach-Object { Get-ChildItem $_.FullName -Filter *.log -Recurse | Copy-Item -Destination screens }[0m
2026-10-10T19:00:03.2645877Z shell: C:\Program Files\PowerShell\7\pwsh.EXE -command ". '{0}'"
2026-10-10T19:00:03.2646088Z env:
2026-10-10T19:00:03.2646261Z   WEASEL_REPO: https://github.com/rime/weasel.git
2026-10-10T19:00:03.2646498Z   WEASEL_SHA: d73f6295e8252ed2f7b9c12bae32e9001b1afdaa
2026-10-10T19:00:03.2646678Z   VERSION_MAJOR: 0
2026-10-10T19:00:03.2646801Z   VERSION_MINOR: 1
2026-10-10T19:00:03.2647072Z   VERSION_PATCH: 0
2026-10-10T19:00:03.2647192Z ##[endgroup]
2026-10-10T19:00:57.8762442Z ##[group]Run actions/upload-artifact@v4
2026-10-10T19:00:57.8762651Z with:
2026-10-10T19:00:57.8762766Z   name: screens
2026-10-10T19:00:57.8762879Z   path: screens
2026-10-10T19:00:57.8762995Z   if-no-files-found: ignore
2026-10-10T19:00:57.8763130Z   compression-level: 6
2026-10-10T19:00:57.8763255Z   overwrite: false
2026-10-10T19:00:57.8763377Z   include-hidden-files: false
2026-10-10T19:00:57.8763513Z env:
2026-10-10T19:00:57.8763659Z   WEASEL_REPO: https://github.com/rime/weasel.git
2026-10-10T19:00:57.8763879Z   WEASEL_SHA: d73f6295e8252ed2f7b9c12bae32e9001b1afdaa
2026-10-10T19:00:57.8764049Z   VERSION_MAJOR: 0
2026-10-10T19:00:57.8764159Z   VERSION_MINOR: 1
2026-10-10T19:00:57.8764267Z   VERSION_PATCH: 0
2026-10-10T19:00:57.8764384Z ##[endgroup]
2026-10-10T19:00:58.0062370Z (node:1480) [DEP0040] DeprecationWarning: The `punycode` module is deprecated. Please use a userland alternative instead.
2026-10-10T19:00:58.0063136Z (Use `node --trace-deprecation ...` to show where the warning was created)
2026-10-10T19:00:58.0259095Z With the provided path, there will be 15 files uploaded
2026-10-10T19:00:58.0259580Z Artifact name is valid!
2026-10-10T19:00:58.0259797Z Root directory input is valid!
2026-10-10T19:00:58.2975711Z Beginning upload of artifact content to blob storage
2026-10-10T19:00:58.3726120Z (node:1480) [DEP0169] DeprecationWarning: `url.parse()` behavior is not standardized and prone to errors that have security implications. Use the WHATWG URL API instead. CVEs are not issued for `url.parse()` vulnerabilities.
2026-10-10T19:00:58.8188054Z Uploaded bytes 1608116
2026-10-10T19:00:58.8625793Z Finished uploading artifact content to blob storage!
2026-10-10T19:00:58.8626331Z SHA256 digest of uploaded artifact zip is dd4ea81c52bd7139ac8d49da70730c7eae55ae95d6edd3c37d556043175bfc31
2026-10-10T19:00:58.8627963Z Finalizing artifact upload
2026-10-10T19:00:59.1107293Z Artifact screens.zip successfully finalized. Artifact ID 11678857646
2026-10-10T19:00:59.1107952Z Artifact screens has been successfully uploaded! Final size is 1608116 bytes. Artifact ID is 11678857646
2026-10-10T19:00:59.1115698Z Artifact download URL: https://github.com/yiweishurufa/yiwei-ime/actions/runs/38077685704/artifacts/11678857646
2026-10-10T19:00:59.1315160Z ##[group]Run New-Item -ItemType Directory -Force smoke-logs | Out-Null
2026-10-10T19:00:59.1315503Z [36;1mNew-Item -ItemType Directory -Force smoke-logs | Out-Null[0m
2026-10-10T19:00:59.1315945Z [36;1mGet-ChildItem $env:TEMP -Directory -Filter 'rime*' -ErrorAction SilentlyContinue | ForEach-Object { Copy-Item $_.FullName smoke-logs -Recurse -Force }[0m
2026-10-10T19:00:59.1316416Z [36;1mCopy-Item "$env:APPDATA\YiweiIME\*.yaml" smoke-logs -ErrorAction SilentlyContinue[0m
2026-10-10T19:00:59.1316811Z [36;1mGet-ChildItem smoke-logs -Recurse | Select-Object FullName, Length | Format-Table | Out-String | Write-Host[0m
2026-10-10T19:00:59.1340687Z shell: C:\Program Files\PowerShell\7\pwsh.EXE -command ". '{0}'"
2026-10-10T19:00:59.1340904Z env:
2026-10-10T19:00:59.1341059Z   WEASEL_REPO: https://github.com/rime/weasel.git
2026-10-10T19:00:59.1341270Z   WEASEL_SHA: d73f6295e8252ed2f7b9c12bae32e9001b1afdaa
2026-10-10T19:00:59.1341443Z   VERSION_MAJOR: 0
2026-10-10T19:00:59.1341583Z   VERSION_MINOR: 1
2026-10-10T19:00:59.1341699Z   VERSION_PATCH: 0
2026-10-10T19:00:59.1341817Z ##[endgroup]
2026-10-10T19:00:59.3699737Z 
2026-10-10T19:00:59.3700186Z FullName
2026-10-10T19:00:59.3700451Z --------                                                                                                                
2026-10-10T19:00:59.3700790Z D:\a\yiwei-ime\yiwei-ime\smoke-logs\rime.yiwei                                                                          
2026-10-10T19:00:59.3701168Z D:\a\yiwei-ime\yiwei-ime\smoke-logs\default.custom.yaml                                                                 
2026-10-10T19:00:59.3701558Z D:\a\yiwei-ime\yiwei-ime\smoke-logs\double_pinyin_flypy.custom.yaml                                                     
2026-10-10T19:00:59.3703721Z D:\a\yiwei-ime\yiwei-ime\smoke-logs\double_pinyin_mspy.custom.yaml                                                      
2026-10-10T19:00:59.3704371Z D:\a\yiwei-ime\yiwei-ime\smoke-logs\double_pinyin.custom.yaml                                                           
2026-10-10T19:00:59.3704856Z D:\a\yiwei-ime\yiwei-ime\smoke-logs\installation.yaml                                                                   
2026-10-10T19:00:59.3705216Z D:\a\yiwei-ime\yiwei-ime\smoke-logs\rime_ice.custom.yaml                                                                
2026-10-10T19:00:59.3705566Z D:\a\yiwei-ime\yiwei-ime\smoke-logs\user.yaml                                                                           
2026-10-10T19:00:59.3705907Z D:\a\yiwei-ime\yiwei-ime\smoke-logs\weasel.custom.yaml                                                                  
2026-10-10T19:00:59.3706325Z D:\a\yiwei-ime\yiwei-ime\smoke-logs\rime.yiwei\rime.yiwei.runnervmtn0fv.runneradmin.log.INFO.20261010-185932.4580.log   
2026-10-10T19:00:59.3706792Z D:\a\yiwei-ime\yiwei-ime\smoke-logs\rime.yiwei\rime.yiwei.runnervmtn0fv.runneradmin.log.INFO.20261010-185951.1248.log   
2026-10-10T19:00:59.3707255Z D:\a\yiwei-ime\yiwei-ime\smoke-logs\rime.yiwei\rime.yiwei.runnervmtn0fv.runneradmin.log.INFO.20261010-185952.5684.log   
2026-10-10T19:00:59.3707721Z D:\a\yiwei-ime\yiwei-ime\smoke-logs\rime.yiwei\rime.yiwei.runnervmtn0fv.runneradmin.log.WARNING.20261010-185932.4580.log
2026-10-10T19:00:59.3708180Z D:\a\yiwei-ime\yiwei-ime\smoke-logs\rime.yiwei\rime.yiwei.runnervmtn0fv.runneradmin.log.WARNING.20261010-185952.5684.log
2026-10-10T19:00:59.3708447Z 
2026-10-10T19:00:59.3708450Z 
2026-10-10T19:00:59.4158763Z ##[group]Run actions/upload-artifact@v4
2026-10-10T19:00:59.4158964Z with:
2026-10-10T19:00:59.4159082Z   name: smoke-logs
2026-10-10T19:00:59.4159208Z   path: smoke-logs
2026-10-10T19:00:59.4159341Z   if-no-files-found: ignore
2026-10-10T19:00:59.4159480Z   compression-level: 6
2026-10-10T19:00:59.4159613Z   overwrite: false
2026-10-10T19:00:59.4159735Z   include-hidden-files: false
2026-10-10T19:00:59.4159891Z env:
2026-10-10T19:00:59.4160036Z   WEASEL_REPO: https://github.com/rime/weasel.git
2026-10-10T19:00:59.4160241Z   WEASEL_SHA: d73f6295e8252ed2f7b9c12bae32e9001b1afdaa
2026-10-10T19:00:59.4160422Z   VERSION_MAJOR: 0
2026-10-10T19:00:59.4160541Z   VERSION_MINOR: 1
2026-10-10T19:00:59.4160656Z   VERSION_PATCH: 0
2026-10-10T19:00:59.4160768Z ##[endgroup]
2026-10-10T19:00:59.5371045Z (node:7364) [DEP0040] DeprecationWarning: The `punycode` module is deprecated. Please use a userland alternative instead.
2026-10-10T19:00:59.5371540Z (Use `node --trace-deprecation ...` to show where the warning was created)
2026-10-10T19:00:59.5435022Z With the provided path, there will be 13 files uploaded
2026-10-10T19:00:59.5438120Z Artifact name is valid!
2026-10-10T19:00:59.5439531Z Root directory input is valid!
2026-10-10T19:00:59.8199127Z Beginning upload of artifact content to blob storage
2026-10-10T19:00:59.8589208Z (node:7364) [DEP0169] DeprecationWarning: `url.parse()` behavior is not standardized and prone to errors that have security implications. Use the WHATWG URL API instead. CVEs are not issued for `url.parse()` vulnerabilities.
2026-10-10T19:01:00.0401498Z Uploaded bytes 27437
2026-10-10T19:01:00.0876532Z Finished uploading artifact content to blob storage!
2026-10-10T19:01:00.0877252Z SHA256 digest of uploaded artifact zip is fdf2fadd8d3557127b3bba200bfef21311b93ce170da0504984a9d4f1f10d5a3
2026-10-10T19:01:00.0879356Z Finalizing artifact upload
2026-10-10T19:01:00.3350230Z Artifact smoke-logs.zip successfully finalized. Artifact ID 11678587955
2026-10-10T19:01:00.3350877Z Artifact smoke-logs has been successfully uploaded! Final size is 27437 bytes. Artifact ID is 11678587955
2026-10-10T19:01:00.3359140Z Artifact download URL: https://github.com/yiweishurufa/yiwei-ime/actions/runs/38077685704/artifacts/11678587955
2026-10-10T19:01:00.3547087Z Cleaning up orphan processes
2026-10-10T19:01:00.3923883Z Terminate orphan process: pid (6796) (YiweiHelper)
2026-10-10T19:01:00.3933228Z ##[warning]Node.js 20 is deprecated. The following actions target Node.js 20 but are being forced to run on Node.js 24: actions/download-artifact@v5, actions/upload-artifact@v4. For more information see: https://github.blog/changelog/2025-09-19-deprecation-of-node-20-on-github-actions-runners/
